// Vitest Snapshot v1, https://vitest.dev/guide/snapshot.html

exports[`Error Boundary > renders without crashing and matches snapshot 1`] = `
<div>
  <div
    class="p-strip"
  >
    <div
      class="row"
    >
      <div
        class="col-12"
      >
        <div
          class="p-notification--negative"
        >
          <div
            class="p-notification__content"
          >
            <h5
              class="p-notification__title"
              data-testid="notification-title"
            >
              Error
            </h5>
            <p
              class="p-notification__message"
            >
              Something has gone wrong. If this issue persists,
               
              <a
                href="https://github.com/canonical/juju-dashboard/issues/new?assignees=&labels=&template=bug_report.md&title=Dashboard error: Oh%20noes!&body=%60%60%60%0AStack%20trace%20output%0A%60%60%60"
                rel="noopener noreferrer"
                target="_blank"
              >
                please raise an issue on GitHub.
              </a>
            </p>
          </div>
        </div>
        <div
          class="p-code-snippet"
        >
          <div
            class="p-code-snippet__header "
          >
            <h5
              class="p-code-snippet__title"
            >
              Error
            </h5>
          </div>
          <pre
            class="p-code-snippet__block--numbered is-wrapped"
          >
            <code>
              <span
                class="p-code-snippet__line"
              >
                Oh noes!
              </span>
              

            </code>
          </pre>
          <div
            class="p-code-snippet__header "
          >
            <h5
              class="p-code-snippet__title"
            >
              Stack trace
            </h5>
          </div>
          <pre
            class="p-code-snippet__block--numbered is-wrapped"
          >
            <code>
              <span
                class="p-code-snippet__line"
              >
                Stack trace output
              </span>
              

            </code>
          </pre>
        </div>
        <p>
          Further debugging can be done
           
          <a
            href="https://documentation.ubuntu.com/juju/latest/howto/manage-your-deployment/index.html#troubleshoot-your-deployment"
            rel="noopener noreferrer"
            target="_blank"
          >
            via the Juju CLI
          </a>
          .
        </p>
      </div>
    </div>
  </div>
</div>
`;
